---
source: tests/whole_screen/native.rs
expression: window.picture()
---
40x24 cursor 12,4 scrollback 0
|CRUCIBLE                                |
|/…/workspace                            |
|                                        |
|› say it                                |
|                                        |
|This row is seventy-eight cells wide:   |
|one row at eighty and two rows at forty.|
|                                        |
|                                        |
|                                        |
|                         99% window left|
|╭──────────────────────────────────────╮|
|│ ›                                    │|
|╰──────────────────────────────────────╯|
|ask mode on    anthropic · claude-test-1|
|                                        |
|                                        |
|                                        |
|                                        |
|                                        |
|                                        |
|                                        |
|                                        |
|                                        |
