---
source: tests/whole_screen/main.rs
expression: window.picture()
---
80x24 cursor 14,4 scrolled 50
|                                                                                |
|› the third thing                                                               |
|                                                                                |
|Notes on everything that came before.                                           |
|                                                                                |
|────────────────────────────────────────────────────────────────────────────────|
|                                                                                |
|                                                                                |
|────────────────────────────────────────────────────────────────────────────────|
| compacted · you chose notes over carrying this session whole                   |
| 4 messages became a recap · 15 → 45 carried · 2 turns kept whole               |
|────────────────────────────────────────────────────────────────────────────────|
|                                                                                |
|╭──────────────────────────────────────────────────────────────────────────────╮|
|│ ›                                                                            │|
|╰──────────────────────────────────────────────────────────────────────────────╯|
|ask mode on (shift+tab to cycle)                         anthropic/claude-test-1|
|                                                                                |
|                                                                                |
|                                                                                |
|                                                                                |
|                                                                                |
|                                                                                |
|                                                                                |
