---
source: tests/whole_screen/native.rs
expression: "without_id(&window, &id)"
---
80x24 cursor 21,4 scrollback 4
|│  ▀▄▄ █ █ ▀▄▄▀ ▀▄▄ █ █▄█ █▄▄ █▄▄  │                                           │|
|│                                  │ ───────────────────────────────────────── │|
|│  /…/workspace                    │                                           │|
|│                                  │ Tips                                      │|
|│                                  │                                           │|
|│                                  │ · /          opens the command list       │|
|│                                  │ · \ enter    adds a line without sending  │|
|│                                  │ · shift+tab  steps the permission mode    │|
|│                                  │ · ctrl+c     clears the line typed so far │|
|╰──────────────────────────────────────────────────────────────────────────────╯|
|                                                                                |
|› /resume ####################################                                  |
|                                                                                |
|── session resumed ─────────────────────────────────────────────────────────────|
|› say something                                                                 |
|                                                                                |
|The first thing this session said.                                              |
|                                                                                |
|                                                                                |
|                                                                 99% window left|
|╭──────────────────────────────────────────────────────────────────────────────╮|
|│ ›                                                                            │|
|╰──────────────────────────────────────────────────────────────────────────────╯|
|ask mode on (shift+tab to cycle)                       anthropic · claude-test-1|
