---
source: tests/whole_screen/main.rs
assertion_line: 1359
expression: steadied_picture(&window.picture())
---
40x40 cursor 37,4 scrolled 0
|CRUCIBLE                                |
|/…/workspace                            |
|                                        |
|› start it                              |
|                                        |
|● Bash(sleep 30)                        |
|  ⎿ (no … (+2 lines · ctrl+o to expand) |
|                                        |
|It is started. That is all.             |
|                                        |
|! stopped                               |
|                                        |
|› and add a test for the windows path   |
|                                        |
|› then run the whole gate               |
|                                        |
|› check the ascii glyphs too            |
|                                        |
|› and the box last                      |
|                                        |
|It is started. That is all.             |
|                                        |
|                                        |
|                                        |
|                                        |
|                                        |
|                                        |
|                                        |
|                                        |
|                                        |
|                                        |
|                                        |
|                                        |
|✳ writing (0s · esc to interrupt)       |
|                                        |
|                         99% window left|
|╭──────────────────────────────────────╮|
|│ ›                                    │|
|╰──────────────────────────────────────╯|
|ask mode on    anthropic · claude-test-1|
