---
source: tests/whole_screen/main.rs
expression: window.picture()
---
52x20 cursor 16,47 scrolled 0
|…/and-something-below-that-again/workspace          |
|│                                                  │|
|│ · /          opens the command list              │|
|│ · \ enter    adds a line without sending         │|
|│ · shift+tab  steps the permission mode           │|
|│ · ctrl+c     clears the line typed so far        │|
|╰──────────────────────────────────────────────────╯|
|                                                    |
|                                                    |
|Warning: No models available. Use /login or set an  |
|API key environment variable. Then use /model to    |
|select a model.                                     |
|                                                    |
|                                                    |
|                                      window unknown|
|╭──────────────────────────────────────────────────╮|
|│ › the quick brown fox jumps over the lazy dog    │|
|╰──────────────────────────────────────────────────╯|
|ask mode on (shift+tab to cycle)                    |
|                                   transcript map → |
