---
source: tests/whole_screen/main.rs
expression: window.picture()
---
80x16 cursor 13,4 scrolled 0
|…/and-something-below-that-again/workspace                            transcript|
|quick brown fox jumps over the lazy dog. the quick brown fox jumps over the lazy|
|dog. the quick brown fox jumps over the lazy dog. the quick brown fox jumps over|
|the lazy dog. the quick brown fox jumps over the lazy dog. the quick brown fox  |
|jumps over the lazy dog. the quick brown fox jumps over the lazy dog. the quick |
|brown fox jumps over the lazy dog. the quick brown fox jumps over the lazy dog. |
|the quick brown fox jumps over the lazy dog. the quick brown fox jumps over the |
|lazy dog. the quick brown fox jumps over the lazy dog. the quick brown fox jumps|
|over the lazy dog. the quick brown fox jumps over the lazy dog. the quick brown |
|fox jumps over the lazy dog. the quick brown fox jumps over the lazy dog. the   |
|quick brown fox jumps over the lazy dog.                                        |
|                                                                                |
|╭──────────────────────────────────────────────────────────────────────────────╮|
|│ ›                                                                            │|
|╰──────────────────────────────────────────────────────────────────────────────╯|
|ask mode on (shift+tab to cycle)                         anthropic/claude-test-1|
