---
source: tests/whole_screen/main.rs
expression: window.picture()
---
80x16 cursor 13,4 scrolled 0
|╭─ crucible v###### ──────────────────────────────────────────────────────────╮┃|
|│                                                                             │┃|
|│ CRUCIBLE                                                                    │┃|
|│ /…/workspace                                                                ││|
|│                                                                             │•|
|│ Recent sessions                                                             ││|
|│                                                                             ││|
|│ No earlier session for this workspace                                       ││|
|│                                                                             ││|
|│ ─────────────────────────────────────────────────────────────────────────── ││|
|                                                                                |
|                                                                 99% window left|
|╭──────────────────────────────────────────────────────────────────────────────╮|
|│ ›                                                                            │|
|╰──────────────────────────────────────────────────────────────────────────────╯|
|ask mode on (shift+tab to cycle)                       anthropic · claude-test-1|
