---
source: tests/whole_screen/main.rs
expression: window.picture()
---
80x24 cursor 17,4 scrolled 25
|› the third thing                                                               |
|                                                                                |
|three answer                                                                    |
|                                                                                |
|› /compact                                                                      |
|                                                                                |
|                                                                                |
|────────────────────────────────────────────────────────────────────────────────|
| compacted · you asked                                                          |
| 4 messages became a recap · 19 → 481 carried · 2 turns kept whole              |
|────────────────────────────────────────────────────────────────────────────────|
|                                                                                |
|› what next                                                                     |
|                                                                                |
|the answer to what was queued                                                   |
|                                                                                |
|╭──────────────────────────────────────────────────────────────────────────────╮|
|│ ›                                                                            │|
|╰──────────────────────────────────────────────────────────────────────────────╯|
|ask mode on (shift+tab to cycle)                         anthropic/claude-test-1|
|                                                                                |
|                                                                                |
|                                                                                |
|                                                                                |
