---
source: tests/whole_screen/main.rs
expression: "refused_as_a_slip(\"mistyped-narrow\", 40)"
---
40x24 cursor 20,4 scrolled 0
|CRUCIBLE                                |
|/…/workspace                            |
|                                        |
|                                        |
|Warning: No models available. Use /login|
|or set an API key environment variable. |
|Then use /model to select a model.      |
|                                        |
|› /modle                                |
|⎿ ! no such command: /modle             |
|    nearest: /model, /mode              |
|                                        |
|                                        |
|                                        |
|                                        |
|                                        |
|                                        |
|                                        |
|                                        |
|╭──────────────────────────────────────╮|
|│ ›                                    │|
|╰──────────────────────────────────────╯|
|ask mode on (shift+tab to cycle)        |
|                       transcript map → |
