---
source: tests/whole_screen/main.rs
expression: window.picture()
---
80x24 cursor 19,4 scrolled 2
|│  ▄▄▄ ▄▄▄ █  █ ▄▄▄ █ ▄▄▄ █   ▄▄▄  │                                           │|
|│  █   █▄▄ █  █ █   █ █▄█ █   █▄▄  │ No recent sessions                        │|
|│  ▀▄▄ █ █ ▀▄▄▀ ▀▄▄ █ █▄█ █▄▄ █▄▄  │                                           │|
|│                                  │ ───────────────────────────────────────── │|
|│  /…/workspace                    │                                           │|
|│                                  │ Tips                                      │|
|│                                  │                                           │|
|│                                  │ · /          opens the command list       │|
|│                                  │ · shift+tab  steps the permission mode    │|
|│                                  │ · ctrl+c     clears the line typed so far │|
|╰──────────────────────────────────────────────────────────────────────────────╯|
|                                                                                |
|authentication: anthropic · environment variable ANTHROPIC_API_KEY              |
|                                                                                |
|› what is 2+2                                                                   |
|                                                                                |
|Two plus two is four.                                                           |
|                                                                                |
|╭──────────────────────────────────────────────────────────────────────────────╮|
|│ ›                                                                            │|
|╰──────────────────────────────────────────────────────────────────────────────╯|
|ask mode on (shift+tab to cycle)                         anthropic/claude-test-1|
|                                                                                |
|                                                                                |
