---
source: tests/whole_screen/main.rs
assertion_line: 2867
expression: asked
---
80x30 cursor 29,0 scrolled 0
|│                                                                             ││|
|│ Tips                                                                        ││|
|│                                                                             ││|
|│ · /          opens the command list                                         ││|
|│ · \ enter    adds a line without sending                                    ││|
|│ · shift+tab  steps the permission mode                                      │┃|
|│ · ctrl+c     clears the line typed so far                                   │┃|
|╰─────────────────────────────────────────────────────────────────────────────╯┃|
|                                                                               ┃|
|                                                                               ┃|
|Warning: No provider selected. Use /model to select a provider and model.      ┃|
|                                                                               ┃|
|› /login                                                                       ●|
|────────────────────────────────────────────────────────────────────────────────|
|                                                                                |
|OpenAI                                                                          |
|                                                                                |
|On Free, Plus and Pro, OpenAI may use what you send to train its models. To stop|
|it, turn off Improve the model for everyone under Settings, Data controls in    |
|ChatGPT, or choose Do not train on my content in its Privacy Portal; that covers|
|only what you send afterwards.                                                  |
|OpenAI Help Center, archived copy, 28 Sep 2026                                  |
|                                                                                |
|› Use it anyway                                                                 |
|  Takes this choice; this route is not asked about again                        |
|                                                                                |
|  Go back                                                                       |
|  Returns to the list; nothing is chosen                                        |
|                                                                                |
|enter to choose · esc to go back                                                |
