---
source: tests/whole_screen/main.rs
assertion_line: 394
expression: window.picture()
---
80x24 cursor 19,4 scrolled 15
|                                                                                |
|› the first thing                                                               |
|                                                                                |
|one answer                                                                      |
|                                                                                |
|› the second thing                                                              |
|                                                                                |
|two answer                                                                      |
|                                                                                |
|› the third thing                                                               |
|                                                                                |
|three answer                                                                    |
|                                                                                |
|› /compact                                                                      |
|                                                                                |
|                                                                                |
|! stopped                                                                       |
|                                                                                |
|╭──────────────────────────────────────────────────────────────────────────────╮|
|│ ›                                                                            │|
|╰──────────────────────────────────────────────────────────────────────────────╯|
|ask mode on (shift+tab to cycle)                         anthropic/claude-test-1|
|                                                                                |
|                                                                                |
