---
source: tests/whole_screen/main.rs
assertion_line: 2444
expression: picture
---
80x32 cursor 29,4 scrolled 0
|│                                                                             ││|
|│ Recent sessions                                                             ││|
|│                                                                             ││|
|│ No recent sessions                                                          │┃|
|│                                                                             │┃|
|│ ─────────────────────────────────────────────────────────────────────────── │┃|
|│                                                                             │┃|
|│ Tips                                                                        │┃|
|│                                                                             │┃|
|│ · /          opens the command list                                         │┃|
|│ · \ enter    adds a line without sending                                    │┃|
|│ · shift+tab  steps the permission mode                                      │┃|
|│ · ctrl+c     clears the line typed so far                                   │┃|
|╰─────────────────────────────────────────────────────────────────────────────╯┃|
|                                                                               ┃|
|› inspect and write                                                            ┃|
|                                                                               ┃|
|● Read 2 files                                                                 ┃|
|                                                                               ┃|
|● Bash(cat > generated.txt <<'EOF' long script line long…)                     ┃|
|  ⎿ (no output) (ctrl+o to expand)                                             ┃|
|                                                                               ┃|
|● Read(missing.txt)                                                            ┃|
|  ⎿ ✗ missing.txt does not exist                                               ┃|
|                                                                               ┃|
|Inspection finished.                                                           ┃|
|                                                                                |
|                                                                 99% window left|
|╭──────────────────────────────────────────────────────────────────────────────╮|
|│ ›                                                                            │|
|╰──────────────────────────────────────────────────────────────────────────────╯|
|ask mode on (shift+tab to cycle)                       anthropic · claude-test-1|
