---
source: tests/whole_screen/main.rs
assertion_line: 349
expression: window.picture()
---
80x24 cursor 22,0 scrolled 0
|…/a-directory-to-be-working-in/and-something-below-that-again/workspace         |
|│                                  │ · ctrl+c     clears the line typed so far │|
|╰──────────────────────────────────────────────────────────────────────────────╯|
|                                                                                |
|                                                                                |
|Warning: No models available. Use /login or set an API key environment variable.|
|Then use /model to select a model.                                              |
|                                                                                |
|› /login                                                                        |
|                                                                                |
|────────────────────────────────────────────────────────────────────────────────|
|                                                                                |
|OpenAI                                                                          |
|                                                                                |
|Choose where to finish account authorization.                                   |
|                                                                                |
|› Continue in browser                                                           |
|  sign in to ChatGPT on this device                                             |
|                                                                                |
|  Use a device code                                                             |
|  sign in to ChatGPT from another device                                        |
|                                                                                |
|esc to cancel                                                                   |
|                                                               transcript map → |
