---
source: tests/whole_screen/main.rs
expression: models
---
40x24 cursor 4,16 scrolled 0
|› /model                                |
|Model             now  nothing asked yet|
|                                        |
|╭──────────────────────────────────────╮|
|│ Search  gemini                       │|
|╰──────────────────────────────────────╯|
|                                        |
|╭──────────────────────────────────────╮|
|│  ‹All› · Anthropic · Google · Moonsho│|
|├──────────────────────────────────────┤|
|│ › gemini-3.8-flash     200k          │|
|│   gemini-3.7-flash     200k          │|
|│   gemini-3.6-flash     200k          │|
|│   gemini-3.1-pro-prev  200k          │|
|│                                      │|
|│                                      │|
|│                                      │|
|│                                      │|
|╰──────────────────────────────────────╯|
|                                        |
|  Effort   ‹ low ›  medium   high       |
|                                        |
|  tab · ↑↓ · ←→ · enter · esc           |
|                                        |
