---
source: tests/whole_screen/main.rs
expression: window.picture()
---
80x24 cursor 20,0 scrolled 12
|╰──────────────────────────────────────────────────────────────────────────────╯|
|                                                                                |
|                                                                                |
|Warning: No models available. Use /login or set an API key environment variable.|
|Then use /model to select a model.                                              |
|                                                                                |
|› /login                                                                        |
|                                                                                |
|────────────────────────────────────────────────────────────────────────────────|
|                                                                                |
|OpenAI                                                                          |
|                                                                                |
|Choose where to finish account authorization.                                   |
|                                                                                |
|› Continue in browser                                                           |
|  sign in to ChatGPT on this device                                             |
|                                                                                |
|  Use a device code                                                             |
|  sign in to ChatGPT from another device                                        |
|                                                                                |
|esc to cancel                                                                   |
|                                                                                |
|                                                                                |
|                                                                                |
