---
source: tests/whole_screen/native.rs
expression: narrower
---
60x24 cursor 18,0 scrollback 72
|og. the quick brown                                         |
|fox jumps over the lazy dog. the quick brown fox jumps over |
|the lazy dog. the                                           |
|quick brown fox jumps over the lazy dog. done.              |
|                                                            |
|› /settings                                                 |
|────────────────────────────────────────────────────────────|
|                                                            |
|Settings     Status   ‹ Config ›   Usage                    |
|                                                            |
|╭──────────────────────────────────────────────────────────╮|
|│ / to search                                              │|
|╰──────────────────────────────────────────────────────────╯|
|                                                            |
|› Theme                                                 auto|
|  ↓ 17 more                                                 |
|                                                            |
|↑↓ walk · enter changes · / search                          |
|←→ tabs · esc to close                                      |
|                                                            |
|                                                            |
|                                                            |
|                                                            |
|                                                            |
