---
source: tests/whole_screen/main.rs
expression: config
---
40x30 cursor 29,0 scrolled 0
|────────────────────────────────────────|
|                                        |
|Settings   Status ‹ Config › Usage      |
|                                        |
|╭──────────────────────────────────────╮|
|│ / to search                          │|
|╰──────────────────────────────────────╯|
|                                        |
|› Theme                             auto|
|  Syntax theme          Monokai Extended|
|  Glyphs                         unicode|
|  Colour    auto · applies at next start|
|  Transcript colours                calm|
|  Tool detail                    compact|
|  Scroll rail                         on|
|  Screen mode                 fullscreen|
|    applies at next start               |
|  Seconds before a call pins       ‹ 3 ›|
|  Mouse scroll speed               ‹ 6 ›|
|  Send with                        enter|
|  Tone   concise · applies at next start|
|  Compaction                        full|
|    applies at next start               |
|  Check for updates                never|
|  Prompt caching                  prefer|
|    applies at next start               |
|  ↓ 3 more                              |
|                                        |
|↑↓ walk · enter changes · / search      |
|←→ tabs · esc to close                  |
