---
source: tests/whole_screen/main.rs
assertion_line: 147
expression: window.picture()
---
80x16 cursor 13,26 scrolled 0
|…/and-something-below-that-again/workspace                      transcript map →|
|╰──────────────────────────────────────────────────────────────────────────────╯|
|                                                                                |
|                                                                                |
|Warning: No models available. Use /login or set an API key environment variable.|
|Then use /model to select a model.                                              |
|                                                                                |
|                                                                                |
|╭──────────────────────────────────────────────────────────────────────────────╮|
|│ › g. the quick brown fox jumps over the lazy dog. the quick brown fox jumps  │|
|│   over the lazy dog. the quick brown fox jumps over the lazy dog. the quick  │|
|│   brown fox jumps over the lazy dog. the quick brown fox jumps over the lazy │|
|│    dog. the quick brown fox jumps over the lazy dog. the quick brown fox jum │|
|│   ps over the lazy dog.                                                      │|
|╰──────────────────────────────────────────────────────────────────────────────╯|
|ask mode on (shift+tab to cycle)                                                |
