---
source: tests/whole_screen/native.rs
assertion_line: 747
expression: window.picture()
---
24x24 cursor 15,4 scrollback 0
|CRUCIBLE                |
|/…/workspace            |
|                        |
|› /login                |
|⎿ cancelled, nothing    |
|  signed in             |
|                        |
|                        |
|                        |
|                        |
|                        |
|                        |
|                        |
|        100% window left|
|╭──────────────────────╮|
|│ ›                    │|
|╰──────────────────────╯|
|ask mode on             |
|                        |
|                        |
|                        |
|                        |
|                        |
|                        |
