---
source: tests/whole_screen/main.rs
expression: window.picture()
---
80x24 cursor 20,4 scrolled 0
|                                                                                |
|› the first thing                                                               |
|                                                                                |
|Notes on everything that came before.                                           |
|                                                                                |
|› the second thing                                                              |
|                                                                                |
|Notes on everything that came before.                                           |
|                                                                                |
|› the third thing                                                               |
|                                                                                |
|Notes on everything that came before.                                           |
|                                                                                |
|────────────────────────────────────────────────────────────────────────────────|
| compacted · you chose notes over carrying this session whole                   |
| 4 messages became a recap · 5k → 5k carried · 2 turns kept whole               |
|────────────────────────────────────────────────────────────────────────────────|
|                                                                                |
|                                                                  window unknown|
|╭──────────────────────────────────────────────────────────────────────────────╮|
|│ ›                                                                            │|
|╰──────────────────────────────────────────────────────────────────────────────╯|
|ask mode on (shift+tab to cycle)                         anthropic/claude-test-1|
|                                                               transcript map → |
