---
source: tests/whole_screen/main.rs
expression: window.picture()
---
80x24 cursor 21,4 scrolled 0
|…/and-something-below-that-again/workspace                            transcript|
|                                                                                |
|two answer                                                                      |
|                                                                                |
|› the third thing                                                               |
|                                                                                |
|three answer                                                                    |
|                                                                                |
|› /compact                                                                      |
|                                                                                |
|                                                                                |
|────────────────────────────────────────────────────────────────────────────────|
| compacted · you asked                                                          |
| 4 messages became a recap · 4k → 6k carried · 2 turns kept whole               |
|────────────────────────────────────────────────────────────────────────────────|
|                                                                                |
|› what next                                                                     |
|                                                                                |
|the answer to what was queued                                                   |
|                                                                                |
|╭──────────────────────────────────────────────────────────────────────────────╮|
|│ ›                                                                            │|
|╰──────────────────────────────────────────────────────────────────────────────╯|
|ask mode on (shift+tab to cycle)                         anthropic/claude-test-1|
