---
source: tests/whole_screen/main.rs
expression: window.picture()
---
40x24 cursor 11,4 scrolled 0
|CRUCIBLE                                |
|no model selected                       |
|/…/workspace                            |
|                                        |
|                                        |
|Warning: No models available. Use       |
|/login or set an API key environment    |
|variable. Then use /model to select a   |
|model.                                  |
|                                        |
|╭──────────────────────────────────────╮|
|│ ›                                    │|
|╰──────────────────────────────────────╯|
|ask mode on (shift+tab to cycle)        |
|                                        |
|                                        |
|                                        |
|                                        |
|                                        |
|                                        |
|                                        |
|                                        |
|                                        |
|                                        |
