---
source: tests/whole_screen/main.rs
expression: window.picture()
---
80x24 cursor 20,0 scrolled 16
|Then use /model to select a model.                                              |
|                                                                                |
|› /login anthropic                                                              |
|                                                                                |
|logged in to anthropic; choose a model with /model                              |
|                                                                                |
|› /model claude-test-1                                                          |
|                                                                                |
|anthropic/claude-test-1                                                         |
|                                                                                |
|› /effort                                                                       |
|                                                                                |
|────────────────────────────────────────────────────────────────────────────────|
|                                                                                |
|Effort · claude-test-1                                                          |
|                                                                                |
|Faster                                                 Smarter                  |
|───────────────────────────────▲──────────────────────────────                  |
|  low         medium         high          xhigh          max                   |
|                                                                                |
|←/→ to adjust · enter to confirm · esc to cancel                                |
|                                                                                |
|                                                                                |
|                                                                                |
