---
source: tests/whole_screen/main.rs
assertion_line: 285
expression: window.picture()
---
80x24 cursor 21,4 scrolled 0
|│                                  │ · shift+tab  steps the permission mode    │|
|│                                  │ · ctrl+c     clears the line typed so far │|
|╰──────────────────────────────────────────────────────────────────────────────╯|
|                                                                                |
|                                                                                |
|Warning: No models available. Use /login or set an API key environment variable.|
|Then use /model to select a model.                                              |
|                                                                                |
|› /login anthropic                                                              |
|                                                                                |
|logged in to anthropic; choose a model with /model                              |
|                                                                                |
|› /model claude-test-1                                                          |
|                                                                                |
|anthropic/claude-test-1                                                         |
|                                                                                |
|› what is 2+2                                                                   |
|                                                                                |
|Two plus two is four.                                                           |
|                                                                                |
|╭──────────────────────────────────────────────────────────────────────────────╮|
|│ ›                                                                            │|
|╰──────────────────────────────────────────────────────────────────────────────╯|
|ask mode on (shift+tab to cycle)                         anthropic/claude-test-1|
