---
source: tests/whole_screen/native.rs
expression: window.picture()
---
80x24 cursor 16,4 scrollback 5
|│                                  │ ───────────────────────────────────────── │|
|│  /…/workspace                    │                                           │|
|│                                  │ Tips                                      │|
|│                                  │                                           │|
|│                                  │ · /          opens the command list       │|
|│                                  │ · \ enter    adds a line without sending  │|
|│                                  │ · shift+tab  steps the permission mode    │|
|│                                  │ · ctrl+c     clears the line typed so far │|
|╰──────────────────────────────────────────────────────────────────────────────╯|
|                                                                                |
|› /login                                                                        |
|⎿ cancelled, nothing signed in                                                  |
|                                                                                |
|                                                                                |
|                                                                100% window left|
|╭──────────────────────────────────────────────────────────────────────────────╮|
|│ ›                                                                            │|
|╰──────────────────────────────────────────────────────────────────────────────╯|
|ask mode on (shift+tab to cycle)                       anthropic · claude-test-1|
|                                                                                |
|                                                                                |
|                                                                                |
|                                                                                |
|                                                                                |
