---
source: tests/whole_screen/native.rs
expression: "without_id(&window, &id)"
---
16x24 cursor 16,2 scrollback 0
|CRUCIBLE        |
|/…/workspace    |
|                |
|› /resume       |
|  ##############|
|  ##############|
|  ########      |
|                |
|── session r… ──|
|› say something |
|                |
|The first thing |
|this session    |
|said.           |
|                |
|                |
|›               |
| 99% window left|
|                |
|                |
|                |
|                |
|                |
|                |
