---
source: tests/whole_screen/main.rs
expression: window.picture()
---
80x24 cursor 21,5 scrolled 8
|│                                  │                                           │|
|│                                  │ · /          opens the command list       │|
|│                                  │ · shift+tab  steps the permission mode    │|
|│                                  │ · ctrl-c     clears the line typed so far │|
|╰──────────────────────────────────────────────────────────────────────────────╯|
|                                                                                |
|                                                                                |
|Warning: No models available. Use /login or set an API key environment variable.|
|Then use /model to select a model.                                              |
|                                                                                |
|› /help     what these are                                                      |
|  /model    pick which model answers                                            |
|  /effort   pick how hard it thinks                                             |
|  /login    sign in to a provider account                                       |
|  /logout   remove a stored account or API key                                  |
|  /mode     ask · allowEdits · fullAccess                                       |
|  /resume   pick up an earlier session here                                     |
|  /clear    forget what has been said                                           |
|  /exit     leave                                                               |
|                                                                                |
|╭──────────────────────────────────────────────────────────────────────────────╮|
|│ › /                                                                          │|
|╰──────────────────────────────────────────────────────────────────────────────╯|
|ask mode on (shift+tab to cycle)                                                |
