---
source: tests/whole_screen/main.rs
expression: window.picture()
---
80x24 cursor 20,4 scrolled 0
|…/a-directory-to-be-working-in/and-something-below-that-again/workspace         |
|› the first thing                                                               |
|                                                                                |
|one answer                                                                      |
|                                                                                |
|› the second thing                                                              |
|                                                                                |
|two answer                                                                      |
|                                                                                |
|› the third thing                                                               |
|                                                                                |
|three answer                                                                    |
|                                                                                |
|› /compact                                                                      |
|                                                                                |
|                                                                                |
|! stopped                                                                       |
|                                                                                |
|                                                                  window unknown|
|╭──────────────────────────────────────────────────────────────────────────────╮|
|│ ›                                                                            │|
|╰──────────────────────────────────────────────────────────────────────────────╯|
|ask mode on (shift+tab to cycle)                         anthropic/claude-test-1|
|                                                               transcript map → |
