---
source: tests/whole_screen/main.rs
expression: shape(&picture)
---
80x24 cursor 23,0 scrolled 0
|│ · shift+tab  steps the permission mode                                      ││|
|│ · ctrl+c     clears the line typed so far                                   ││|
|╰─────────────────────────────────────────────────────────────────────────────╯│|
|                                                                               │|
|                                                                               │|
|Warning: No models available. Use /login or set an API key environment         ┃|
|variable. Then use /model to select a model.                                   ┃|
|                                                                               ┃|
|› /release-notes                                                               ●|
|────────────────────────────────────────────────────────────────────────────────|
|                                                                                |
|Release notes                                                                   |
|                                                                                |
|  ↑ # newer                                                                     |
|  #.##.#      ####-##-##    ## entries                                          |
|  #.##.#      ####-##-##    ## entries                                          |
|› #.##.#      ####-##-##    ## entries                                          |
|  #.##.#      ####-##-##    ## entries                                          |
|  #.##.#      ####-##-##    ## entries                                          |
|  #.##.#      ####-##-##    ## entries                                          |
|  #.##.#      ####-##-##    ## entries                                          |
|  ↓ # older                                                                     |
|                                                                                |
|↑↓ to walk · enter opens it · esc to close                                      |
