---
source: tests/whole_screen/main.rs
expression: window.picture()
---
80x24 cursor 20,65 scrolled 0
|╭─ crucible v0.0.16 ───────────────────────────────────────────────────────────╮|
|│                                  │ Recent sessions                           │|
|│  ▄▄▄ ▄▄▄ █  █ ▄▄▄ █ ▄▄▄ █   ▄▄▄  │                                           │|
|│  █   █▄▄ █  █ █   █ █▄█ █   █▄▄  │ No recent sessions                        │|
|│  ▀▄▄ █ █ ▀▄▄▀ ▀▄▄ █ █▄█ █▄▄ █▄▄  │                                           │|
|│                                  │ ───────────────────────────────────────── │|
|│  no model selected               │                                           │|
|│                                  │ Tips                                      │|
|│  /…/workspace                    │                                           │|
|│                                  │ · /          opens the command list       │|
|│                                  │ · shift+tab  steps the permission mode    │|
|│                                  │ · ctrl-c     clears the line typed so far │|
|╰──────────────────────────────────────────────────────────────────────────────╯|
|                                                                                |
|                                                                                |
|Warning: No models available. Use /login or set an API key environment          |
|variable. Then use /model to select a model.                                    |
|                                                                                |
|╭──────────────────────────────────────────────────────────────────────────────╮|
|│ › the quick brown fox jumps over the lazy dog. the quick brown fox jumps ove │|
|│   r the lazy dog. the quick brown fox jumps over the lazy dog.               │|
|╰──────────────────────────────────────────────────────────────────────────────╯|
|ask mode on (shift+tab to cycle)                                                |
|                                                                                |
