---
source: tests/whole_screen/main.rs
expression: window.picture()
---
40x24 cursor 9,4 scrolled 0
|CRUCIBLE                                |
|no model selected                       |
|/…/workspace                            |
|                                        |
|                                        |
|Warning: No model selected. Use /model  |
|to select the model to ask.             |
|                                        |
|╭──────────────────────────────────────╮|
|│ ›                                    │|
|╰──────────────────────────────────────╯|
|ask mode on (shift+tab to cycle)        |
|                                        |
|                                        |
|                                        |
|                                        |
|                                        |
|                                        |
|                                        |
|                                        |
|                                        |
|                                        |
|                                        |
|                                        |
