---
source: crates/crucible-tui/src/picker/tests.rs
expression: "picture(&picker(&FIVE, &preview).within(58, 24, Glyphs::Unicode), 58)"
---
<Quiet>╭</><Quiet>────────────────────────────────────────────────────────</><Quiet>╮</>
<Quiet>│</><Quiet> Search</>    <Quiet>a session, or a branch</>                       <Quiet>│</>
<Quiet>╰</><Quiet>────────────────────────────────────────────────────────</><Quiet>╯</>
 <Quiet>Resume a session · 5 of 5 · ~/Projects/Github/augments-l</>

 <Accent> </> Prompt history with arrow navigation
   <Quiet>now · main</>
 <Accent> </> /plugin
   <Quiet>7 hours ago · fix/background-command-offer</>
 <Accent> </> /plugin
   <Quiet>8 hours ago · fix/minor-session-display</>
 <Accent> </> /clear
   <Quiet>13 hours ago · main</>
 <Accent>›</> <Strong>Release 0.23.0 smoke gates</>
   <Quiet>17 hours ago · main</>








 <Quiet>↑↓ · ctrl+r · esc</>
