---
source: crates/crucible-tui/src/panel.rs
expression: "picture(&panel.within(columns, room, Glyphs::Unicode), columns)"
---
<Accent>────────────────────────────────────────────────────────────────────────────────</>

<Strong>Log in</>

<Accent>›</> <Strong>Anthropic</>
  <Quiet>typed here, or set in ANTHROPIC_API_KEY</>
  <Quiet>· 5 more</>

<Quiet>esc to cancel</>
