---
source: crates/crucible-tui/src/panel.rs
expression: "picture(&panel.within(columns, room, Glyphs::Unicode), columns)"
---
<Accent>────────────────────────────────────────────────────────────────────────────────</>

<Strong>Log in</>

<Accent>›</> <Strong>Anthropic</>
  <Quiet>typed here, or set in ANTHROPIC_API_KEY</>

  MoonshotAI
  <Quiet>typed here, or set in MOONSHOT_API_KEY</>

  OpenAI
  <Quiet>typed here, or set in OPENAI_API_KEY</>

<Quiet>esc to cancel</>
