---
source: crates/crucible-tui/src/panel.rs
expression: "picture(&panel.within(columns, room, Glyphs::Unicode), columns)"
---
<Accent>────────────────────────────────────────────────────────────────────────────────</>

<Strong>Log in</>

<Accent>›</> <Strong>Anthropic</>
  <Quiet>set ANTHROPIC_API_KEY</>

  MoonshotAI
  <Quiet>set MOONSHOT_API_KEY</>

  OpenAI
  <Quiet>set OPENAI_API_KEY</>

<Quiet>esc to cancel</>
