---
source: crates/crucible-tui/src/panel.rs
expression: "picture(&panel.rows(columns, glyphs), columns)"
---
<Accent>──────────────────────────────────</>

<Strong>Log in</>

Choose the provider whose API key
you have. The key is typed into a
box that does not echo it, and
signs requests from the next turn
on.

<Accent>›</> <Strong>Anthropic</>
  <Quiet>read from ANTHROPIC_API_KEY whe…</>

  MoonshotAI
  <Quiet>read from MOONSHOT_API_KEY when…</>

  OpenAI
  <Quiet>read from OPENAI_API_KEY whenev…</>

<Quiet>esc to cancel</>
