---
source: crates/crucible-tui/src/prompt/tests.rs
expression: "dump(&prompt.rows(columns, glyphs), columns)"
---
<Quiet>╭────────────────────────────────────────────────────────────── window unknown ╮</>
<Quiet>│</> <Accent>›</>                                                                            <Quiet>│</>
<Quiet>╰──────────────────────────────────────────────────────────────────────────────╯</>
<Quiet>ask mode on</><Quiet> (shift+tab to cycle)</>
