---
source: crates/crucible-tui/src/prompt/tests.rs
expression: "dump(&prompt.rows(columns, glyphs), columns)"
---
<Accent>╭──────────────────────────────────────────────────────────────────────────────╮</>
<Accent>│</> <Accent>›</>                                                                            <Accent>│</>
<Accent>╰──────────────────────────────────────────────────────────────────────────────╯</>
<Accent>ask before edits</><Quiet> (shift+tab to cycle)</>                                           
<Quiet>press ctrl+c again to leave</>
